OpenJDK 64-Bit Server VM (24.95-b01) for linux-amd64 JRE (1.7.0_101-b00), built on Apr 21 2016 13:32:28 by "mockbuild" with gcc 4.4.7 20120313 (Red Hat 4.4.7-16)
Memory: 4k page, physical 1032924k(543792k free), swap 3145724k(3145724k free)
CommandLine flags: -XX:+CMSClassUnloadingEnabled -XX:+CMSScavengeBeforeRemark -XX:+DisableExplicitGC -XX:InitialHeapSize=1073741824 -XX:+ManagementServer -XX:MaxHeapSize=1073741824 -XX:MaxNewSize=87244800 -XX:MaxTenuringThreshold=6 -XX:NewSize=87244800 -XX:OldPLABSize=16 -XX:OldSize=174489600 -XX:+PrintGC -XX:+PrintGCDateStamps -XX:+PrintGCDetails -XX:+PrintGCTimeStamps -XX:+UseCompressedOops -XX:+UseConcMarkSweepGC -XX:-UseParNewGC 
2016-08-10T07:12:31.994-0400: 3.597: [GC [1 CMS-initial-mark: 0K(963392K)] 62947K(1040064K), 0.0275530 secs] [Times: user=0.01 sys=0.01, real=0.03 secs] 
2016-08-10T07:12:32.022-0400: 3.625: [CMS-concurrent-mark-start]
2016-08-10T07:12:32.115-0400: 3.718: [CMS-concurrent-mark: 0.093/0.093 secs] [Times: user=0.02 sys=0.08, real=0.09 secs] 
2016-08-10T07:12:32.115-0400: 3.718: [CMS-concurrent-preclean-start]
2016-08-10T07:12:32.137-0400: 3.740: [CMS-concurrent-preclean: 0.021/0.022 secs] [Times: user=0.02 sys=0.00, real=0.02 secs] 
2016-08-10T07:12:32.137-0400: 3.740: [CMS-concurrent-abortable-preclean-start]
2016-08-10T07:12:32.325-0400: 3.928: [GC2016-08-10T07:12:32.325-0400: 3.928: [DefNew2016-08-10T07:12:32.356-0400: 3.958: [CMS-concurrent-abortable-preclean: 0.018/0.219 secs] [Times: user=0.14 sys=0.08, real=0.22 secs] 
: 68160K->8511K(76672K), 0.0571080 secs] 68160K->9616K(1040064K), 0.0572190 secs] [Times: user=0.01 sys=0.05, real=0.06 secs] 
2016-08-10T07:12:32.391-0400: 3.994: [GC[YG occupancy: 13366 K (76672 K)]2016-08-10T07:12:32.391-0400: 3.994: [GC2016-08-10T07:12:32.391-0400: 3.994: [DefNew: 13366K->16K(76672K), 0.0372600 secs] 14471K->7084K(1040064K), 0.0373380 secs] [Times: user=0.01 sys=0.03, real=0.03 secs] 
2016-08-10T07:12:32.428-0400: 4.031: [Rescan (non-parallel) 2016-08-10T07:12:32.428-0400: 4.031: [grey object rescan, 0.0176010 secs]2016-08-10T07:12:32.446-0400: 4.049: [root rescan, 0.0004660 secs], 0.0181480 secs]2016-08-10T07:12:32.446-0400: 4.049: [weak refs processing, 0.0000240 secs]2016-08-10T07:12:32.446-0400: 4.049: [class unloading, 0.0008920 secs]2016-08-10T07:12:32.447-0400: 4.050: [scrub symbol table, 0.0027640 secs]2016-08-10T07:12:32.450-0400: 4.053: [scrub string table, 0.0002560 secs] [1 CMS-remark: 7067K(963392K)] 7084K(1040064K), 0.0597350 secs] [Times: user=0.03 sys=0.03, real=0.06 secs] 
2016-08-10T07:12:32.454-0400: 4.057: [CMS-concurrent-sweep-start]
2016-08-10T07:12:32.470-0400: 4.073: [CMS-concurrent-sweep: 0.016/0.016 secs] [Times: user=0.00 sys=0.01, real=0.02 secs] 
2016-08-10T07:12:32.477-0400: 4.080: [CMS-concurrent-reset-start]
2016-08-10T07:12:32.496-0400: 4.098: [CMS-concurrent-reset: 0.018/0.018 secs] [Times: user=0.00 sys=0.01, real=0.02 secs] 
2016-08-10T07:18:18.902-0400: 350.505: [GC2016-08-10T07:18:18.902-0400: 350.505: [DefNew: 68176K->1702K(76672K), 0.0158240 secs] 75244K->8770K(1040064K), 0.0159900 secs] [Times: user=0.02 sys=0.00, real=0.02 secs] 
2016-08-10T07:18:46.650-0400: 378.253: [GC2016-08-10T07:18:46.650-0400: 378.253: [DefNew: 69862K->1032K(76672K), 0.0068550 secs] 76930K->8100K(1040064K), 0.0069820 secs] [Times: user=0.01 sys=0.00, real=0.01 secs] 
2016-08-10T07:19:09.870-0400: 401.473: [GC2016-08-10T07:19:09.870-0400: 401.473: [DefNew: 69192K->1034K(76672K), 0.0060430 secs] 76260K->8102K(1040064K), 0.0061730 secs] [Times: user=0.01 sys=0.00, real=0.01 secs] 
2016-08-10T07:19:34.000-0400: 425.603: [GC2016-08-10T07:19:34.000-0400: 425.603: [DefNew: 69194K->1035K(76672K), 0.0055010 secs] 76262K->8103K(1040064K), 0.0056100 secs] [Times: user=0.00 sys=0.00, real=0.01 secs] 
2016-08-10T07:19:59.116-0400: 450.719: [GC2016-08-10T07:19:59.116-0400: 450.719: [DefNew: 69195K->1037K(76672K), 0.0051350 secs] 76263K->8105K(1040064K), 0.0052710 secs] [Times: user=0.00 sys=0.00, real=0.01 secs] 
2016-08-10T07:20:22.351-0400: 473.954: [GC2016-08-10T07:20:22.351-0400: 473.954: [DefNew: 69197K->1374K(76672K), 0.0059710 secs] 76265K->8447K(1040064K), 0.0061260 secs] [Times: user=0.01 sys=0.00, real=0.01 secs] 
2016-08-10T07:20:46.063-0400: 497.666: [GC2016-08-10T07:20:46.063-0400: 497.666: [DefNew: 69534K->770K(76672K), 0.0064310 secs] 76607K->8174K(1040064K), 0.0065590 secs] [Times: user=0.00 sys=0.00, real=0.01 secs] 
2016-08-10T07:21:09.952-0400: 521.555: [GC2016-08-10T07:21:09.953-0400: 521.555: [DefNew: 68930K->1082K(76672K), 0.0059880 secs] 76334K->8518K(1040064K), 0.0061860 secs] [Times: user=0.00 sys=0.00, real=0.00 secs] 
2016-08-10T07:21:32.912-0400: 544.514: [GC2016-08-10T07:21:32.912-0400: 544.514: [DefNew: 69242K->1406K(76672K), 0.0072320 secs] 76678K->8892K(1040064K), 0.0073410 secs] [Times: user=0.01 sys=0.00, real=0.01 secs] 
2016-08-10T07:21:57.450-0400: 569.053: [GC2016-08-10T07:21:57.450-0400: 569.053: [DefNew: 69566K->1706K(76672K), 0.0082330 secs] 77052K->9268K(1040064K), 0.0083480 secs] [Times: user=0.01 sys=0.00, real=0.01 secs] 
2016-08-10T07:22:23.327-0400: 594.930: [GC2016-08-10T07:22:23.327-0400: 594.930: [DefNew: 69866K->1972K(76672K), 0.0088800 secs] 77428K->9648K(1040064K), 0.0090160 secs] [Times: user=0.01 sys=0.00, real=0.01 secs] 
2016-08-10T07:22:48.325-0400: 619.928: [GC2016-08-10T07:22:48.325-0400: 619.928: [DefNew: 70132K->2211K(76672K), 0.0107040 secs] 77808K->10097K(1040064K), 0.0108240 secs] [Times: user=0.01 sys=0.00, real=0.01 secs] 
2016-08-10T07:23:12.010-0400: 643.613: [GC2016-08-10T07:23:12.010-0400: 643.613: [DefNew: 70371K->2487K(76672K), 0.0117550 secs] 78257K->10616K(1040064K), 0.0118850 secs] [Times: user=0.01 sys=0.00, real=0.01 secs] 
2016-08-10T07:23:36.451-0400: 668.053: [GC2016-08-10T07:23:36.451-0400: 668.053: [DefNew: 70647K->2650K(76672K), 0.0538050 secs] 78776K->11200K(1040064K), 0.0539290 secs] [Times: user=0.02 sys=0.03, real=0.05 secs] 
2016-08-10T07:23:59.830-0400: 691.433: [GC2016-08-10T07:23:59.830-0400: 691.433: [DefNew: 70810K->2798K(76672K), 0.0145320 secs] 79360K->11735K(1040064K), 0.0147230 secs] [Times: user=0.01 sys=0.00, real=0.02 secs] 
2016-08-10T07:24:22.927-0400: 714.530: [GC2016-08-10T07:24:22.927-0400: 714.530: [DefNew: 70958K->2950K(76672K), 0.0140980 secs] 79895K->12267K(1040064K), 0.0142250 secs] [Times: user=0.02 sys=0.00, real=0.02 secs] 
2016-08-10T07:24:45.922-0400: 737.525: [GC2016-08-10T07:24:45.922-0400: 737.525: [DefNew: 71110K->2393K(76672K), 0.0128420 secs] 80427K->12086K(1040064K), 0.0129860 secs] [Times: user=0.01 sys=0.00, real=0.01 secs] 
2016-08-10T07:25:09.539-0400: 761.142: [GC2016-08-10T07:25:09.539-0400: 761.142: [DefNew: 70553K->2526K(76672K), 0.0150250 secs] 80246K->12604K(1040064K), 0.0151410 secs] [Times: user=0.02 sys=0.00, real=0.01 secs] 
2016-08-10T07:25:33.167-0400: 784.770: [GC2016-08-10T07:25:33.167-0400: 784.770: [DefNew: 70686K->2253K(76672K), 0.1251920 secs] 80764K->12706K(1040064K), 0.1253340 secs] [Times: user=0.03 sys=0.09, real=0.13 secs] 
2016-08-10T07:25:57.664-0400: 809.267: [GC2016-08-10T07:25:57.664-0400: 809.267: [DefNew: 70413K->2321K(76672K), 0.0132970 secs] 80866K->13154K(1040064K), 0.0134250 secs] [Times: user=0.01 sys=0.00, real=0.01 secs] 
2016-08-10T07:26:21.466-0400: 833.068: [GC2016-08-10T07:26:21.466-0400: 833.068: [DefNew: 70481K->2489K(76672K), 0.0147580 secs] 81314K->13692K(1040064K), 0.0148860 secs] [Times: user=0.01 sys=0.00, real=0.01 secs] 
2016-08-10T07:26:45.181-0400: 856.784: [GC2016-08-10T07:26:45.181-0400: 856.784: [DefNew: 70649K->2645K(76672K), 0.0135570 secs] 81852K->14215K(1040064K), 0.0136680 secs] [Times: user=0.02 sys=0.00, real=0.01 secs] 
2016-08-10T07:27:10.383-0400: 881.986: [GC2016-08-10T07:27:10.383-0400: 881.986: [DefNew: 70805K->2823K(76672K), 0.0159710 secs] 82375K->14764K(1040064K), 0.0160880 secs] [Times: user=0.01 sys=0.00, real=0.02 secs] 
2016-08-10T07:27:33.632-0400: 905.235: [GC2016-08-10T07:27:33.632-0400: 905.235: [DefNew: 70983K->2273K(76672K), 0.0137830 secs] 82924K->14572K(1040064K), 0.0138990 secs] [Times: user=0.02 sys=0.00, real=0.01 secs] 
2016-08-10T07:27:59.252-0400: 930.854: [GC2016-08-10T07:27:59.252-0400: 930.854: [DefNew: 70433K->2457K(76672K), 0.0401350 secs] 82732K->15119K(1040064K), 0.0402640 secs] [Times: user=0.02 sys=0.02, real=0.04 secs] 
2016-08-10T07:28:22.351-0400: 953.954: [GC2016-08-10T07:28:22.351-0400: 953.954: [DefNew: 70617K->2628K(76672K), 0.0141260 secs] 83279K->15655K(1040064K), 0.0142530 secs] [Times: user=0.01 sys=0.00, real=0.02 secs] 
2016-08-10T07:28:46.432-0400: 978.035: [GC2016-08-10T07:28:46.432-0400: 978.035: [DefNew: 70788K->2221K(76672K), 0.0131920 secs] 83815K->15617K(1040064K), 0.0133340 secs] [Times: user=0.01 sys=0.00, real=0.01 secs] 
2016-08-10T07:29:10.060-0400: 1001.663: [GC2016-08-10T07:29:10.060-0400: 1001.663: [DefNew: 70381K->2393K(76672K), 0.0159470 secs] 83777K->16144K(1040064K), 0.0160900 secs] [Times: user=0.01 sys=0.00, real=0.02 secs] 
2016-08-10T07:29:33.392-0400: 1024.995: [GC2016-08-10T07:29:33.392-0400: 1024.995: [DefNew: 70553K->2556K(76672K), 0.0142450 secs] 84304K->16679K(1040064K), 0.0143760 secs] [Times: user=0.01 sys=0.00, real=0.02 secs] 
2016-08-10T07:29:56.722-0400: 1048.325: [GC2016-08-10T07:29:56.722-0400: 1048.325: [DefNew: 70716K->2342K(76672K), 0.0438520 secs] 84839K->16827K(1040064K), 0.0439660 secs] [Times: user=0.01 sys=0.03, real=0.04 secs] 
2016-08-10T07:30:22.880-0400: 1074.483: [GC2016-08-10T07:30:22.880-0400: 1074.483: [DefNew: 70502K->2359K(76672K), 0.0371220 secs] 84987K->17210K(1040064K), 0.0372400 secs] [Times: user=0.01 sys=0.00, real=0.04 secs] 
2016-08-10T07:30:46.376-0400: 1097.979: [GC2016-08-10T07:30:46.376-0400: 1097.979: [DefNew: 70519K->2518K(76672K), 0.0137760 secs] 85370K->17741K(1040064K), 0.0138980 secs] [Times: user=0.01 sys=0.00, real=0.01 secs] 
2016-08-10T07:31:08.702-0400: 1120.305: [GC2016-08-10T07:31:08.702-0400: 1120.305: [DefNew: 70678K->2653K(76672K), 0.0143700 secs] 85901K->18247K(1040064K), 0.0145250 secs] [Times: user=0.01 sys=0.00, real=0.01 secs] 
2016-08-10T07:31:31.395-0400: 1142.998: [GC2016-08-10T07:31:31.395-0400: 1142.998: [DefNew: 70813K->2807K(76672K), 0.0140830 secs] 86407K->18760K(1040064K), 0.0142360 secs] [Times: user=0.02 sys=0.00, real=0.01 secs] 
2016-08-10T07:31:53.755-0400: 1165.358: [GC2016-08-10T07:31:53.755-0400: 1165.358: [DefNew: 70967K->2223K(76672K), 0.0134640 secs] 86920K->18545K(1040064K), 0.0135890 secs] [Times: user=0.02 sys=0.00, real=0.02 secs] 
2016-08-10T07:32:16.774-0400: 1188.376: [GC2016-08-10T07:32:16.774-0400: 1188.377: [DefNew: 70383K->2376K(76672K), 0.0471100 secs] 86705K->19064K(1040064K), 0.0472280 secs] [Times: user=0.02 sys=0.03, real=0.05 secs] 
2016-08-10T07:32:40.258-0400: 1211.861: [GC2016-08-10T07:32:40.258-0400: 1211.861: [DefNew: 70536K->2511K(76672K), 0.0141010 secs] 87224K->19580K(1040064K), 0.0142150 secs] [Times: user=0.01 sys=0.00, real=0.01 secs] 
2016-08-10T07:33:02.726-0400: 1234.329: [GC2016-08-10T07:33:02.726-0400: 1234.329: [DefNew: 70671K->2648K(76672K), 0.0145780 secs] 87740K->20083K(1040064K), 0.0147490 secs] [Times: user=0.02 sys=0.00, real=0.02 secs] 
2016-08-10T07:33:25.310-0400: 1256.913: [GC2016-08-10T07:33:25.310-0400: 1256.913: [DefNew: 70808K->2168K(76672K), 0.0132140 secs] 88243K->19950K(1040064K), 0.0134330 secs] [Times: user=0.01 sys=0.00, real=0.02 secs] 
2016-08-10T07:33:48.585-0400: 1280.188: [GC2016-08-10T07:33:48.585-0400: 1280.188: [DefNew: 70328K->2324K(76672K), 0.0142020 secs] 88110K->20458K(1040064K), 0.0143430 secs] [Times: user=0.01 sys=0.00, real=0.01 secs] 
2016-08-10T07:34:11.308-0400: 1302.911: [GC2016-08-10T07:34:11.308-0400: 1302.911: [DefNew: 70484K->2486K(76672K), 0.0136570 secs] 88618K->20965K(1040064K), 0.0137860 secs] [Times: user=0.01 sys=0.00, real=0.01 secs] 
2016-08-10T07:34:33.827-0400: 1325.430: [GC2016-08-10T07:34:33.827-0400: 1325.430: [DefNew: 70646K->2630K(76672K), 0.1148570 secs] 89125K->21464K(1040064K), 0.1149820 secs] [Times: user=0.03 sys=0.09, real=0.12 secs] 
2016-08-10T07:34:57.942-0400: 1349.545: [GC2016-08-10T07:34:57.942-0400: 1349.545: [DefNew: 70790K->2086K(76672K), 0.0126180 secs] 89624K->21270K(1040064K), 0.0127580 secs] [Times: user=0.01 sys=0.00, real=0.02 secs] 
2016-08-10T07:35:20.908-0400: 1372.511: [GC2016-08-10T07:35:20.908-0400: 1372.511: [DefNew: 70246K->2251K(76672K), 0.0135610 secs] 89430K->21779K(1040064K), 0.0136840 secs] [Times: user=0.01 sys=0.00, real=0.01 secs] 
2016-08-10T07:35:42.691-0400: 1394.294: [GC2016-08-10T07:35:42.691-0400: 1394.294: [DefNew: 70411K->2431K(76672K), 0.0141480 secs] 89939K->22303K(1040064K), 0.0142590 secs] [Times: user=0.00 sys=0.00, real=0.01 secs] 
2016-08-10T07:36:04.943-0400: 1416.546: [GC2016-08-10T07:36:04.943-0400: 1416.546: [DefNew: 70591K->2563K(76672K), 0.0136480 secs] 90463K->22777K(1040064K), 0.0137770 secs] [Times: user=0.02 sys=0.00, real=0.02 secs] 
2016-08-10T07:36:28.294-0400: 1439.897: [GC2016-08-10T07:36:28.294-0400: 1439.897: [DefNew: 70723K->2713K(76672K), 0.0138040 secs] 90937K->23272K(1040064K), 0.0139190 secs] [Times: user=0.01 sys=0.00, real=0.02 secs] 
2016-08-10T07:36:51.411-0400: 1463.014: [GC2016-08-10T07:36:51.411-0400: 1463.014: [DefNew: 70873K->2177K(76672K), 0.0472450 secs] 91432K->23074K(1040064K), 0.0473670 secs] [Times: user=0.01 sys=0.03, real=0.05 secs] 
2016-08-10T07:37:14.399-0400: 1486.002: [GC2016-08-10T07:37:14.399-0400: 1486.002: [DefNew: 70337K->2327K(76672K), 0.0132100 secs] 91234K->23579K(1040064K), 0.0133230 secs] [Times: user=0.01 sys=0.00, real=0.01 secs] 
2016-08-10T07:37:37.114-0400: 1508.717: [GC2016-08-10T07:37:37.114-0400: 1508.717: [DefNew: 70487K->2494K(76672K), 0.0162650 secs] 91739K->24092K(1040064K), 0.0163820 secs] [Times: user=0.01 sys=0.00, real=0.02 secs] 
2016-08-10T07:38:00.057-0400: 1531.660: [GC2016-08-10T07:38:00.057-0400: 1531.660: [DefNew: 70654K->2656K(76672K), 0.0153440 secs] 92252K->24598K(1040064K), 0.0154730 secs] [Times: user=0.02 sys=0.00, real=0.02 secs] 
2016-08-10T07:38:22.425-0400: 1554.028: [GC2016-08-10T07:38:22.425-0400: 1554.028: [DefNew: 70816K->2100K(76672K), 0.0127330 secs] 92758K->24384K(1040064K), 0.0128600 secs] [Times: user=0.01 sys=0.00, real=0.02 secs] 
2016-08-10T07:38:45.340-0400: 1576.942: [GC2016-08-10T07:38:45.340-0400: 1576.942: [DefNew: 70260K->2276K(76672K), 0.0134640 secs] 92544K->24891K(1040064K), 0.0135740 secs] [Times: user=0.01 sys=0.00, real=0.01 secs] 
2016-08-10T07:39:08.082-0400: 1599.685: [GC2016-08-10T07:39:08.082-0400: 1599.685: [DefNew: 70436K->2420K(76672K), 0.0172750 secs] 93051K->25392K(1040064K), 0.0173980 secs] [Times: user=0.02 sys=0.00, real=0.02 secs] 
2016-08-10T07:39:30.747-0400: 1622.350: [GC2016-08-10T07:39:30.747-0400: 1622.350: [DefNew: 70580K->2595K(76672K), 0.0137600 secs] 93552K->25906K(1040064K), 0.0139080 secs] [Times: user=0.01 sys=0.00, real=0.01 secs] 
2016-08-10T07:39:53.550-0400: 1645.152: [GC2016-08-10T07:39:53.550-0400: 1645.152: [DefNew: 70755K->2750K(76672K), 0.0151520 secs] 94066K->26414K(1040064K), 0.0152800 secs] [Times: user=0.02 sys=0.00, real=0.01 secs] 
2016-08-10T07:40:16.400-0400: 1668.003: [GC2016-08-10T07:40:16.400-0400: 1668.003: [DefNew: 70910K->2195K(76672K), 0.0140140 secs] 94574K->26202K(1040064K), 0.0141480 secs] [Times: user=0.02 sys=0.00, real=0.02 secs] 
2016-08-10T07:40:40.425-0400: 1692.028: [GC2016-08-10T07:40:40.425-0400: 1692.028: [DefNew: 70355K->2365K(76672K), 0.0129800 secs] 94362K->26716K(1040064K), 0.0130900 secs] [Times: user=0.01 sys=0.00, real=0.02 secs] 
2016-08-10T07:41:03.373-0400: 1714.976: [GC2016-08-10T07:41:03.373-0400: 1714.976: [DefNew: 70525K->2538K(76672K), 0.0141320 secs] 94876K->27234K(1040064K), 0.0142510 secs] [Times: user=0.01 sys=0.00, real=0.01 secs] 
2016-08-10T07:41:26.755-0400: 1738.358: [GC2016-08-10T07:41:26.755-0400: 1738.358: [DefNew: 70698K->2720K(76672K), 0.0158610 secs] 95394K->27755K(1040064K), 0.0159790 secs] [Times: user=0.02 sys=0.00, real=0.01 secs] 
2016-08-10T07:41:49.913-0400: 1761.516: [GC2016-08-10T07:41:49.913-0400: 1761.516: [DefNew: 70880K->2162K(76672K), 0.0128880 secs] 95915K->27551K(1040064K), 0.0130180 secs] [Times: user=0.01 sys=0.00, real=0.01 secs] 
2016-08-10T07:42:12.691-0400: 1784.294: [GC2016-08-10T07:42:12.691-0400: 1784.294: [DefNew: 70322K->2328K(76672K), 0.0128310 secs] 95711K->28062K(1040064K), 0.0130810 secs] [Times: user=0.01 sys=0.00, real=0.01 secs] 
2016-08-10T07:42:35.165-0400: 1806.768: [GC2016-08-10T07:42:35.165-0400: 1806.768: [DefNew: 70488K->2494K(76672K), 0.0135470 secs] 96222K->28571K(1040064K), 0.0137420 secs] [Times: user=0.01 sys=0.00, real=0.01 secs] 
2016-08-10T07:42:57.439-0400: 1829.042: [GC2016-08-10T07:42:57.439-0400: 1829.042: [DefNew: 70654K->2658K(76672K), 0.0143400 secs] 96731K->29079K(1040064K), 0.0144580 secs] [Times: user=0.01 sys=0.00, real=0.01 secs] 
2016-08-10T07:43:20.101-0400: 1851.703: [GC2016-08-10T07:43:20.101-0400: 1851.704: [DefNew: 70818K->2786K(76672K), 0.0143470 secs] 97239K->29561K(1040064K), 0.0144780 secs] [Times: user=0.02 sys=0.00, real=0.01 secs] 
2016-08-10T07:43:45.487-0400: 1877.090: [GC2016-08-10T07:43:45.487-0400: 1877.090: [DefNew: 70946K->2773K(76672K), 0.0140830 secs] 97721K->29905K(1040064K), 0.0142030 secs] [Times: user=0.02 sys=0.00, real=0.01 secs] 
2016-08-10T07:44:11.775-0400: 1903.377: [GC2016-08-10T07:44:11.775-0400: 1903.377: [DefNew: 70933K->2739K(76672K), 0.0163100 secs] 98065K->30290K(1040064K), 0.0164370 secs] [Times: user=0.01 sys=0.00, real=0.02 secs] 
2016-08-10T07:44:36.789-0400: 1928.392: [GC2016-08-10T07:44:36.789-0400: 1928.392: [DefNew: 70899K->2595K(76672K), 0.0142150 secs] 98450K->30663K(1040064K), 0.0143240 secs] [Times: user=0.02 sys=0.00, real=0.02 secs] 
